<?xml version="1.0" encoding="UTF-8"?>
<answers>
<user id="54b0b0d7def8310b6baea763415e018f"><question id="p1"><input id="hora_suso" value="2to4"/></question><question id="p2"><input id="texto" value="google"/></question><question id="p3"><input id="confia" value="sim"/></question><question id="p4"><input id="compras" value="sim"/></question><question id="p5"><input id="eletronicos" value=""/><input id="cd_dvd" value="on"/><input id="jogos" value=""/><input id="livros" value="on"/><input id="outros" value=""/></question><question id="p7"><input id="sim" value="on"/><input id="nao" value=""/></question><question id="p8"><input id="foruns" value=""/><input id="chats" value=""/><input id="rede_rel" value="on"/><input id="blog" value="on"/><input id="sites" value=""/></question></user><user id="5dab0c03e2b6557834ebd04b1f02a787"/><user id="e0525840b7d2ade824855edbeb7b6850"/></answers>
